// Jest Snapshot v1, https://goo.gl/fbAQLP

exports[`snapshot should match with snapshot 1`] = `
<index__Header>
  Homepage
</index__Header>
`;
